ARM Linker, 4.1 [Build 791] [Evaluation]

==============================================================================

Section Cross References

    startup.o(STACK) refers (Special) to heapauxi.o(.text) for __use_two_region_memory
    startup.o(HEAP) refers (Special) to heapauxi.o(.text) for __use_two_region_memory
    startup.o(RESET) refers (Special) to heapauxi.o(.text) for __use_two_region_memory
    startup.o(RESET) refers to startup.o(STACK) for Stack_Top
    startup.o(RESET) refers to __main.o(!!!main) for __main
    startup.o(.text) refers (Special) to heapauxi.o(.text) for __use_two_region_memory
    startup.o(.text) refers to startup.o(HEAP) for Heap_Mem
    startup.o(.text) refers to startup.o(STACK) for Stack_Mem
    uart0driver.o(.text) refers to rt_memcpy_w.o(.text) for __aeabi_memcpy4
    uart0driver.o(.text) refers to aeabi_sdiv.o(.text_udiv) for __aeabi_uidivmod
    uart0driver.o(.text) refers to uart0driver.o(.constdata) for .constdata
    uart1driver.o(.text) refers to rt_memcpy_w.o(.text) for __aeabi_memcpy4
    uart1driver.o(.text) refers to aeabi_sdiv.o(.text_udiv) for __aeabi_uidivmod
    uart1driver.o(.text) refers to uart1driver.o(.constdata) for .constdata
    tictactoewin.o(.text) refers to uart1driver.o(.text) for uart1TxString
    tictactoewin.o(.text) refers to uart0driver.o(.text) for uart0TxString
    tictactoewin.o(.text) refers to exit.o(.text) for exit
    tictactoewin.o(.text) refers to tictactoemain .o(.bss) for arr
    tictactoetie.o(.text) refers to uart1driver.o(.text) for uart1TxString
    tictactoetie.o(.text) refers to uart0driver.o(.text) for uart0TxString
    tictactoetie.o(.text) refers to exit.o(.text) for exit
    tictactoetie.o(.text) refers to tictactoemain .o(.bss) for arr
    tictactoerecord.o(.text) refers to uart0driver.o(.text) for uart0TxString
    tictactoerecord.o(.text) refers to uart1driver.o(.text) for uart1TxString
    tictactoerecord.o(.text) refers to aeabi_sdiv.o(.text) for __aeabi_idivmod
    tictactoerecord.o(.text) refers to tictactoemain .o(.data) for player
    tictactoerecord.o(.text) refers to tictactoemain .o(.bss) for arr
    tictactoemain .o(.text) refers to uart1driver.o(.text) for uart1init
    tictactoemain .o(.text) refers to uart0driver.o(.text) for uart0init
    tictactoemain .o(.text) refers to tictactoewin.o(.text) for winning
    tictactoemain .o(.text) refers to tictactoetie.o(.text) for tie
    tictactoemain .o(.text) refers to tictactoerecord.o(.text) for record
    tictactoemain .o(.text) refers to tictactoemain .o(.data) for i
    tictactoemain .o(.text) refers to tictactoemain .o(.bss) for arr
    exit.o(.text) refers to rtexit.o(.ARM.Collect$$rtexit$$00000000) for __rt_exit
    aeabi_sdiv.o(.text_udiv) refers to aeabi_sdiv.o(.text) for __arm_div2
    aeabi_sdiv_div0.o(.text_udiv) refers to aeabi_sdiv_div0.o(.text) for __arm_div2
    __main.o(!!!main) refers to rtentry.o(.ARM.Collect$$rtentry$$00000000) for __rt_entry
    rtentry.o(.ARM.Collect$$rtentry$$00000000) refers (Special) to rtentry2.o(.ARM.Collect$$rtentry$$0000000A) for __rt_entry_li
    rtentry.o(.ARM.Collect$$rtentry$$00000000) refers (Special) to rtentry2.o(.ARM.Collect$$rtentry$$0000000D) for __rt_entry_main
    rtentry.o(.ARM.Collect$$rtentry$$00000000) refers (Special) to rtentry2.o(.ARM.Collect$$rtentry$$0000000C) for __rt_entry_postli_1
    rtentry.o(.ARM.Collect$$rtentry$$00000000) refers (Special) to rtentry2.o(.ARM.Collect$$rtentry$$00000009) for __rt_entry_postsh_1
    rtentry.o(.ARM.Collect$$rtentry$$00000000) refers (Special) to rtentry2.o(.ARM.Collect$$rtentry$$00000002) for __rt_entry_presh_1
    rtentry.o(.ARM.Collect$$rtentry$$00000000) refers (Special) to rtentry4.o(.ARM.Collect$$rtentry$$00000004) for __rt_entry_sh
    rtexit.o(.ARM.Collect$$rtexit$$00000000) refers (Special) to rtexit2.o(.ARM.Collect$$rtexit$$00000004) for __rt_exit_exit
    rtexit.o(.ARM.Collect$$rtexit$$00000000) refers (Special) to rtexit2.o(.ARM.Collect$$rtexit$$00000003) for __rt_exit_ls
    rtexit.o(.ARM.Collect$$rtexit$$00000000) refers (Special) to rtexit2.o(.ARM.Collect$$rtexit$$00000002) for __rt_exit_prels_1
    rtexit.o(.ARM.exidx) refers (Special) to rtexit2.o(.ARM.Collect$$rtexit$$00000004) for __rt_exit_exit
    rtexit.o(.ARM.exidx) refers (Special) to rtexit2.o(.ARM.Collect$$rtexit$$00000003) for __rt_exit_ls
    rtexit.o(.ARM.exidx) refers (Special) to rtexit2.o(.ARM.Collect$$rtexit$$00000002) for __rt_exit_prels_1
    rtexit.o(.ARM.exidx) refers to rtexit.o(.ARM.Collect$$rtexit$$00000000) for .ARM.Collect$$rtexit$$00000000
    aeabi_idiv0_sigfpe.o(.text) refers to rt_div0.o(.text) for __rt_div0
    rtentry2.o(.ARM.Collect$$rtentry$$00000008) refers to boardinit2.o(.text) for _platform_post_stackheap_init
    rtentry2.o(.ARM.Collect$$rtentry$$0000000A) refers to libinit.o(.ARM.Collect$$libinit$$00000000) for __rt_lib_init
    rtentry2.o(.ARM.Collect$$rtentry$$0000000B) refers to boardinit3.o(.text) for _platform_post_lib_init
    rtentry2.o(.ARM.Collect$$rtentry$$0000000D) refers to exit.o(.text) for exit
    rtentry2.o(.ARM.Collect$$rtentry$$0000000D) refers to tictactoemain .o(.text) for main
    rtentry2.o(.ARM.exidx) refers to rtentry2.o(.ARM.Collect$$rtentry$$00000001) for .ARM.Collect$$rtentry$$00000001
    rtentry2.o(.ARM.exidx) refers to rtentry2.o(.ARM.Collect$$rtentry$$00000008) for .ARM.Collect$$rtentry$$00000008
    rtentry2.o(.ARM.exidx) refers to rtentry2.o(.ARM.Collect$$rtentry$$0000000A) for .ARM.Collect$$rtentry$$0000000A
    rtentry2.o(.ARM.exidx) refers to rtentry2.o(.ARM.Collect$$rtentry$$0000000B) for .ARM.Collect$$rtentry$$0000000B
    rtentry2.o(.ARM.exidx) refers to rtentry2.o(.ARM.Collect$$rtentry$$0000000D) for .ARM.Collect$$rtentry$$0000000D
    rtentry4.o(.ARM.Collect$$rtentry$$00000004) refers to sys_stackheap_outer.o(.text) for __user_setup_stackheap
    rtentry4.o(.ARM.exidx) refers to rtentry4.o(.ARM.Collect$$rtentry$$00000004) for .ARM.Collect$$rtentry$$00000004
    rtexit2.o(.ARM.Collect$$rtexit$$00000003) refers to libshutdown.o(.ARM.Collect$$libshutdown$$00000000) for __rt_lib_shutdown
    rtexit2.o(.ARM.Collect$$rtexit$$00000004) refers to sys_exit.o(.text) for _sys_exit
    rtexit2.o(.ARM.exidx) refers to rtexit2.o(.ARM.Collect$$rtexit$$00000001) for .ARM.Collect$$rtexit$$00000001
    rtexit2.o(.ARM.exidx) refers to rtexit2.o(.ARM.Collect$$rtexit$$00000003) for .ARM.Collect$$rtexit$$00000003
    rtexit2.o(.ARM.exidx) refers to rtexit2.o(.ARM.Collect$$rtexit$$00000004) for .ARM.Collect$$rtexit$$00000004
    rt_div0.o(.text) refers to defsig_fpe_outer.o(.text) for __rt_SIGFPE
    sys_exit.o(.text) refers (Special) to use_no_semi.o(.text) for __I$use$semihosting
    sys_exit.o(.text) refers (Special) to indicate_semi.o(.text) for __semihosting_library_function
    sys_stackheap_outer.o(.text) refers to libspace.o(.text) for __user_perproc_libspace
    sys_stackheap_outer.o(.text) refers to startup.o(.text) for __user_initial_stackheap
    defsig_fpe_outer.o(.text) refers to defsig_fpe_inner.o(.text) for __rt_SIGFPE_inner
    defsig_fpe_outer.o(.text) refers to defsig_exit.o(.text) for __sig_exit
    defsig_fpe_formal.o(.text) refers to rt_raise.o(.text) for __rt_raise
    libinit.o(.ARM.Collect$$libinit$$00000000) refers (Special) to libinit2.o(.ARM.Collect$$libinit$$0000002A) for __rt_lib_init_alloca_1
    libinit.o(.ARM.Collect$$libinit$$00000000) refers (Special) to libinit2.o(.ARM.Collect$$libinit$$00000028) for __rt_lib_init_argv_1
    libinit.o(.ARM.Collect$$libinit$$00000000) refers (Special) to libinit2.o(.ARM.Collect$$libinit$$00000017) for __rt_lib_init_atexit_1
    libinit.o(.ARM.Collect$$libinit$$00000000) refers (Special) to libinit2.o(.ARM.Collect$$libinit$$0000001D) for __rt_lib_init_clock_1
    libinit.o(.ARM.Collect$$libinit$$00000000) refers (Special) to libinit2.o(.ARM.Collect$$libinit$$0000002E) for __rt_lib_init_cpp_1
    libinit.o(.ARM.Collect$$libinit$$00000000) refers (Special) to libinit2.o(.ARM.Collect$$libinit$$0000002C) for __rt_lib_init_exceptions_1
    libinit.o(.ARM.Collect$$libinit$$00000000) refers (Special) to libinit2.o(.ARM.Collect$$libinit$$0000001B) for __rt_lib_init_fp_trap_1
    libinit.o(.ARM.Collect$$libinit$$00000000) refers (Special) to libinit2.o(.ARM.Collect$$libinit$$0000001F) for __rt_lib_init_getenv_1
    libinit.o(.ARM.Collect$$libinit$$00000000) refers (Special) to libinit2.o(.ARM.Collect$$libinit$$00000006) for __rt_lib_init_heap_1
    libinit.o(.ARM.Collect$$libinit$$00000000) refers (Special) to libinit2.o(.ARM.Collect$$libinit$$0000000D) for __rt_lib_init_lc_collate_1
    libinit.o(.ARM.Collect$$libinit$$00000000) refers (Special) to libinit2.o(.ARM.Collect$$libinit$$0000000F) for __rt_lib_init_lc_ctype_1
    libinit.o(.ARM.Collect$$libinit$$00000000) refers (Special) to libinit2.o(.ARM.Collect$$libinit$$00000011) for __rt_lib_init_lc_monetary_1
    libinit.o(.ARM.Collect$$libinit$$00000000) refers (Special) to libinit2.o(.ARM.Collect$$libinit$$00000013) for __rt_lib_init_lc_numeric_1
    libinit.o(.ARM.Collect$$libinit$$00000000) refers (Special) to libinit2.o(.ARM.Collect$$libinit$$00000015) for __rt_lib_init_lc_time_1
    libinit.o(.ARM.Collect$$libinit$$00000000) refers (Special) to libinit2.o(.ARM.Collect$$libinit$$0000000A) for __rt_lib_init_rand_1
    libinit.o(.ARM.Collect$$libinit$$00000000) refers (Special) to libinit2.o(.ARM.Collect$$libinit$$0000002F) for __rt_lib_init_return
    libinit.o(.ARM.Collect$$libinit$$00000000) refers (Special) to libinit2.o(.ARM.Collect$$libinit$$00000019) for __rt_lib_init_signal_1
    libinit.o(.ARM.Collect$$libinit$$00000000) refers (Special) to libinit2.o(.ARM.Collect$$libinit$$00000021) for __rt_lib_init_stdio_1
    libinit.o(.ARM.Collect$$libinit$$00000000) refers (Special) to libinit2.o(.ARM.Collect$$libinit$$00000008) for __rt_lib_init_user_alloc_1
    libinit.o(.ARM.Collect$$libinit$$00000000) refers to fpinit.o(x$fpl$fpinit) for _fp_init
    libshutdown.o(.ARM.Collect$$libshutdown$$00000000) refers (Special) to libshutdown2.o(.ARM.Collect$$libshutdown$$00000006) for __rt_lib_shutdown_fp_trap_1
    libshutdown.o(.ARM.Collect$$libshutdown$$00000000) refers (Special) to libshutdown2.o(.ARM.Collect$$libshutdown$$0000000E) for __rt_lib_shutdown_heap_1
    libshutdown.o(.ARM.Collect$$libshutdown$$00000000) refers (Special) to libshutdown2.o(.ARM.Collect$$libshutdown$$0000000F) for __rt_lib_shutdown_return
    libshutdown.o(.ARM.Collect$$libshutdown$$00000000) refers (Special) to libshutdown2.o(.ARM.Collect$$libshutdown$$00000009) for __rt_lib_shutdown_signal_1
    libshutdown.o(.ARM.Collect$$libshutdown$$00000000) refers (Special) to libshutdown2.o(.ARM.Collect$$libshutdown$$00000003) for __rt_lib_shutdown_stdio_1
    libshutdown.o(.ARM.Collect$$libshutdown$$00000000) refers (Special) to libshutdown2.o(.ARM.Collect$$libshutdown$$0000000B) for __rt_lib_shutdown_user_alloc_1
    libspace.o(.text) refers to libspace.o(.bss) for __libspace_start
    rt_raise.o(.text) refers to __raise.o(.text) for __raise
    rt_raise.o(.text) refers to sys_exit.o(.text) for _sys_exit
    defsig_exit.o(.text) refers to sys_exit.o(.text) for _sys_exit
    defsig_fpe_inner.o(.text) refers to defsig_general.o(.text) for __default_signal_display
    libinit2.o(.ARM.Collect$$libinit$$0000000C) refers to libinit2.o(.ARM.Collect$$libinit$$0000000B) for .ARM.Collect$$libinit$$0000000B
    libinit2.o(.ARM.Collect$$libinit$$0000000E) refers to libinit2.o(.ARM.Collect$$libinit$$0000000B) for .ARM.Collect$$libinit$$0000000B
    libinit2.o(.ARM.Collect$$libinit$$00000010) refers to libinit2.o(.ARM.Collect$$libinit$$0000000B) for .ARM.Collect$$libinit$$0000000B
    libinit2.o(.ARM.Collect$$libinit$$00000012) refers to libinit2.o(.ARM.Collect$$libinit$$0000000B) for .ARM.Collect$$libinit$$0000000B
    libinit2.o(.ARM.Collect$$libinit$$00000014) refers to libinit2.o(.ARM.Collect$$libinit$$0000000B) for .ARM.Collect$$libinit$$0000000B
    libinit2.o(.ARM.Collect$$libinit$$00000022) refers to argv_veneer.o(.emb_text) for __ARM_argv_veneer
    libinit2.o(.ARM.Collect$$libinit$$00000023) refers to argv_veneer.o(.emb_text) for __ARM_argv_veneer
    fpinit.o(x$fpl$fpinit) refers to rt_fp_status_addr_intlibspace.o(.text) for __rt_fp_status_addr
    rt_fp_status_addr.o(.text) refers to rt_fp_status_addr.o(.bss) for __rt_fp_status_addr_data
    rt_fp_status_addr_intlibspace.o(.text) refers to libspace.o(.bss) for __libspace_start
    __raise.o(.text) refers to __raise.o(i.__ARM_common_call_via_r2) for __ARM_common_call_via_r2
    __raise.o(.text) refers to defsig.o(CL$$defsig) for __default_signal_handler
    defsig_general.o(.text) refers to sys_wrch.o(.text) for _ttywrch
    argv_veneer.o(.emb_text) refers to no_argv.o(.text) for __ARM_get_argv
    sys_wrch.o(.text) refers (Special) to use_no_semi.o(.text) for __I$use$semihosting
    sys_wrch.o(.text) refers (Special) to indicate_semi.o(.text) for __semihosting_library_function
    defsig.o(CL$$defsig) refers to defsig_fpe_inner.o(.text) for __rt_SIGFPE_inner
    defsig.o(CL$$defsig) refers to defsig_rtmem_inner.o(.text) for __rt_SIGRTMEM_inner
    _get_argv_nomalloc.o(.text) refers (Special) to hrguard.o(.text) for __heap_region$guard
    _get_argv_nomalloc.o(.text) refers to defsig_rtmem_outer.o(.text) for __rt_SIGRTMEM
    _get_argv_nomalloc.o(.text) refers to sys_command.o(.text) for _sys_command_string
    sys_command.o(.text) refers (Special) to use_no_semi.o(.text) for __I$use$semihosting
    sys_command.o(.text) refers (Special) to indicate_semi.o(.text) for __semihosting_library_function
    defsig_abrt_inner.o(.text) refers to defsig_general.o(.text) for __default_signal_display
    defsig_rtred_inner.o(.text) refers to defsig_general.o(.text) for __default_signal_display
    defsig_rtmem_inner.o(.text) refers to defsig_general.o(.text) for __default_signal_display
    defsig_rtmem_outer.o(.text) refers to defsig_rtmem_inner.o(.text) for __rt_SIGRTMEM_inner
    defsig_rtmem_outer.o(.text) refers to defsig_exit.o(.text) for __sig_exit
    defsig_rtmem_formal.o(.text) refers to rt_raise.o(.text) for __rt_raise
    defsig_stak_inner.o(.text) refers to defsig_general.o(.text) for __default_signal_display
    defsig_pvfn_inner.o(.text) refers to defsig_general.o(.text) for __default_signal_display
    defsig_cppl_inner.o(.text) refers to defsig_general.o(.text) for __default_signal_display
    defsig_segv_inner.o(.text) refers to defsig_general.o(.text) for __default_signal_display
    defsig_other.o(.text) refers to defsig_general.o(.text) for __default_signal_display


==============================================================================

Removing Unused input sections from the image.

    Removing startup.o(RESET), (272 bytes).

1 unused section(s) (total 272 bytes) removed from the image.

==============================================================================

Adding Veneers to the image

    Adding AT veneer (8 bytes, Inline) for call to '__rt_lib_init' from rtentry2.o(.ARM.Collect$$rtentry$$0000000A).
    Adding AT veneer (8 bytes, Inline) for call to '__rt_lib_shutdown' from rtexit2.o(.ARM.Collect$$rtexit$$00000003).
    Adding TA veneer (4 bytes, Inline) for call to '__rt_exit' from exit.o(.text).
    Adding AT veneer (8 bytes, Inline) for call to 'exit' from tictactoewin.o(.text).
    Adding AT veneer (8 bytes, Inline) for call to '_sys_exit' from rtexit2.o(.ARM.Collect$$rtexit$$00000004).
    Adding TA veneer (4 bytes, Inline) for call to '_fp_init' from libinit.o(.ARM.Collect$$libinit$$00000000).

6 Veneer(s) (total 40 bytes) added to the image.

==============================================================================

Image Symbol Table

    Local Symbols

    Symbol Name                              Value     Ov Type        Size  Object(Section)

    !!!main                                  0x00000000   Section        8  __main.o(!!!main)
    ../../angel/boardlib.s                   0x00000000   Number         0  boardinit3.o ABSOLUTE
    ../../angel/boardlib.s                   0x00000000   Number         0  boardshut.o ABSOLUTE
    ../../angel/boardlib.s                   0x00000000   Number         0  boardinit1.o ABSOLUTE
    ../../angel/boardlib.s                   0x00000000   Number         0  boardinit2.o ABSOLUTE
    ../../angel/handlers.s                   0x00000000   Number         0  __scatter_zi.o ABSOLUTE
    ../../angel/handlers.s                   0x00000000   Number         0  __scatter_copy.o ABSOLUTE
    ../../angel/kernel.s                     0x00000000   Number         0  rtexit2.o ABSOLUTE
    ../../angel/kernel.s                     0x00000000   Number         0  rtentry4.o ABSOLUTE
    ../../angel/kernel.s                     0x00000000   Number         0  rtentry2.o ABSOLUTE
    ../../angel/kernel.s                     0x00000000   Number         0  rtexit.o ABSOLUTE
    ../../angel/kernel.s                     0x00000000   Number         0  rtentry.o ABSOLUTE
    ../../angel/rt.s                         0x00000000   Number         0  aeabi_idiv0_sigfpe.o ABSOLUTE
    ../../angel/rt.s                         0x00000000   Number         0  aeabi_idiv0.o ABSOLUTE
    ../../angel/rt.s                         0x00000000   Number         0  rt_fp_status_addr.o ABSOLUTE
    ../../angel/rt.s                         0x00000000   Number         0  rt_fp_status_addr_intlibspace.o ABSOLUTE
    ../../angel/rt.s                         0x00000000   Number         0  rt_raise.o ABSOLUTE
    ../../angel/rt.s                         0x00000000   Number         0  rt_div0.o ABSOLUTE
    ../../angel/scatter.s                    0x00000000   Number         0  __scatter.o ABSOLUTE
    ../../angel/startup.s                    0x00000000   Number         0  __main.o ABSOLUTE
    ../../angel/sys.s                        0x00000000   Number         0  sys_stackheap_outer.o ABSOLUTE
    ../../angel/sys.s                        0x00000000   Number         0  libspace.o ABSOLUTE
    ../../angel/sys.s                        0x00000000   Number         0  indicate_semi.o ABSOLUTE
    ../../angel/sys.s                        0x00000000   Number         0  use_no_semi.o ABSOLUTE
    ../../angel/sysapp.c                     0x00000000   Number         0  sys_command.o ABSOLUTE
    ../../angel/sysapp.c                     0x00000000   Number         0  sys_wrch.o ABSOLUTE
    ../../angel/sysapp.c                     0x00000000   Number         0  sys_exit.o ABSOLUTE
    ../../armsys.c                           0x00000000   Number         0  argv_veneer.o ABSOLUTE
    ../../armsys.c                           0x00000000   Number         0  no_argv.o ABSOLUTE
    ../../armsys.c                           0x00000000   Number         0  _get_argv_nomalloc.o ABSOLUTE
    ../../armsys.c                           0x00000000   Number         0  argv_veneer.o ABSOLUTE
    ../../division.s                         0x00000000   Number         0  aeabi_sdiv_div0.o ABSOLUTE
    ../../division.s                         0x00000000   Number         0  aeabi_sdiv.o ABSOLUTE
    ../../divrt.s                            0x00000000   Number         0  divrt_7tdmi_div0.o ABSOLUTE
    ../../divrt.s                            0x00000000   Number         0  divrt_7tdmi.o ABSOLUTE
    ../../fpinit.s                           0x00000000   Number         0  fpinit.o ABSOLUTE
    ../../heapalloc.c                        0x00000000   Number         0  hrguard.o ABSOLUTE
    ../../heapaux.c                          0x00000000   Number         0  heapauxi.o ABSOLUTE
    ../../libinit.s                          0x00000000   Number         0  libinit.o ABSOLUTE
    ../../libinit.s                          0x00000000   Number         0  libshutdown2.o ABSOLUTE
    ../../libinit.s                          0x00000000   Number         0  libinit2.o ABSOLUTE
    ../../libinit.s                          0x00000000   Number         0  libshutdown.o ABSOLUTE
    ../../memcpset.s                         0x00000000   Number         0  rt_memcpy_w.o ABSOLUTE
    ../../signal.c                           0x00000000   Number         0  __raise.o ABSOLUTE
    ../../signal.c                           0x00000000   Number         0  defsig_rtmem_inner.o ABSOLUTE
    ../../signal.c                           0x00000000   Number         0  defsig_rtmem_outer.o ABSOLUTE
    ../../signal.c                           0x00000000   Number         0  defsig_rtmem_formal.o ABSOLUTE
    ../../signal.c                           0x00000000   Number         0  defsig_stak_inner.o ABSOLUTE
    ../../signal.c                           0x00000000   Number         0  defsig_pvfn_inner.o ABSOLUTE
    ../../signal.c                           0x00000000   Number         0  defsig_segv_inner.o ABSOLUTE
    ../../signal.c                           0x00000000   Number         0  defsig_other.o ABSOLUTE
    ../../signal.c                           0x00000000   Number         0  defsig_fpe_formal.o ABSOLUTE
    ../../signal.c                           0x00000000   Number         0  defsig_fpe_outer.o ABSOLUTE
    ../../signal.c                           0x00000000   Number         0  defsig_fpe_inner.o ABSOLUTE
    ../../signal.c                           0x00000000   Number         0  defsig_cppl_inner.o ABSOLUTE
    ../../signal.c                           0x00000000   Number         0  defsig_general.o ABSOLUTE
    ../../signal.c                           0x00000000   Number         0  defsig_abrt_inner.o ABSOLUTE
    ../../signal.c                           0x00000000   Number         0  defsig_rtred_inner.o ABSOLUTE
    ../../signal.c                           0x00000000   Number         0  defsig_exit.o ABSOLUTE
    ../../signal.s                           0x00000000   Number         0  defsig.o ABSOLUTE
    ../../stdlib.c                           0x00000000   Number         0  exit.o ABSOLUTE
    Startup.s                                0x00000000   Number         0  startup.o ABSOLUTE
    dc.s                                     0x00000000   Number         0  dc.o ABSOLUTE
    tictactoeRecord.c                        0x00000000   Number         0  tictactoerecord.o ABSOLUTE
    tictactoemain .c                         0x00000000   Number         0  tictactoemain .o ABSOLUTE
    tictactoetie.c                           0x00000000   Number         0  tictactoetie.o ABSOLUTE
    tictactoewin.c                           0x00000000   Number         0  tictactoewin.o ABSOLUTE
    uart0Driver.c                            0x00000000   Number         0  uart0driver.o ABSOLUTE
    uart1driver.c                            0x00000000   Number         0  uart1driver.o ABSOLUTE
    !!!scatter                               0x00000008   Section       60  __scatter.o(!!!scatter)
    !!handler_copy                           0x00000044   Section       40  __scatter_copy.o(!!handler_copy)
    !!handler_zi                             0x0000006c   Section       44  __scatter_zi.o(!!handler_zi)
    .ARM.Collect$$libinit$$00000000          0x000000a0   Section        6  libinit.o(.ARM.Collect$$libinit$$00000000)
    .ARM.Collect$$libinit$$00000006          0x000000a6   Section        0  libinit2.o(.ARM.Collect$$libinit$$00000006)
    .ARM.Collect$$libinit$$00000008          0x000000a6   Section        0  libinit2.o(.ARM.Collect$$libinit$$00000008)
    .ARM.Collect$$libinit$$0000000A          0x000000a6   Section        0  libinit2.o(.ARM.Collect$$libinit$$0000000A)
    .ARM.Collect$$libinit$$0000000D          0x000000a6   Section        0  libinit2.o(.ARM.Collect$$libinit$$0000000D)
    .ARM.Collect$$libinit$$0000000F          0x000000a6   Section        0  libinit2.o(.ARM.Collect$$libinit$$0000000F)
    .ARM.Collect$$libinit$$00000011          0x000000a6   Section        0  libinit2.o(.ARM.Collect$$libinit$$00000011)
    .ARM.Collect$$libinit$$00000013          0x000000a6   Section        0  libinit2.o(.ARM.Collect$$libinit$$00000013)
    .ARM.Collect$$libinit$$00000015          0x000000a6   Section        0  libinit2.o(.ARM.Collect$$libinit$$00000015)
    .ARM.Collect$$libinit$$00000017          0x000000a6   Section        0  libinit2.o(.ARM.Collect$$libinit$$00000017)
    .ARM.Collect$$libinit$$00000019          0x000000a6   Section        0  libinit2.o(.ARM.Collect$$libinit$$00000019)
    .ARM.Collect$$libinit$$0000001B          0x000000a6   Section        0  libinit2.o(.ARM.Collect$$libinit$$0000001B)
    .ARM.Collect$$libinit$$0000001D          0x000000a6   Section        0  libinit2.o(.ARM.Collect$$libinit$$0000001D)
    .ARM.Collect$$libinit$$0000001F          0x000000a6   Section        0  libinit2.o(.ARM.Collect$$libinit$$0000001F)
    .ARM.Collect$$libinit$$00000021          0x000000a6   Section        0  libinit2.o(.ARM.Collect$$libinit$$00000021)
    .ARM.Collect$$libinit$$00000028          0x000000a6   Section        0  libinit2.o(.ARM.Collect$$libinit$$00000028)
    .ARM.Collect$$libinit$$0000002A          0x000000a6   Section        0  libinit2.o(.ARM.Collect$$libinit$$0000002A)
    .ARM.Collect$$libinit$$0000002C          0x000000a6   Section        0  libinit2.o(.ARM.Collect$$libinit$$0000002C)
    .ARM.Collect$$libinit$$0000002E          0x000000a6   Section        0  libinit2.o(.ARM.Collect$$libinit$$0000002E)
    .ARM.Collect$$libinit$$0000002F          0x000000a6   Section       12  libinit2.o(.ARM.Collect$$libinit$$0000002F)
    .ARM.Collect$$libshutdown$$00000000      0x000000bc   Section        4  libshutdown.o(.ARM.Collect$$libshutdown$$00000000)
    .ARM.Collect$$libshutdown$$00000003      0x000000c0   Section        0  libshutdown2.o(.ARM.Collect$$libshutdown$$00000003)
    .ARM.Collect$$libshutdown$$00000006      0x000000c0   Section        0  libshutdown2.o(.ARM.Collect$$libshutdown$$00000006)
    .ARM.Collect$$libshutdown$$00000009      0x000000c0   Section        0  libshutdown2.o(.ARM.Collect$$libshutdown$$00000009)
    .ARM.Collect$$libshutdown$$0000000B      0x000000c0   Section        0  libshutdown2.o(.ARM.Collect$$libshutdown$$0000000B)
    .ARM.Collect$$libshutdown$$0000000E      0x000000c0   Section        0  libshutdown2.o(.ARM.Collect$$libshutdown$$0000000E)
    .ARM.Collect$$libshutdown$$0000000F      0x000000c0   Section        6  libshutdown2.o(.ARM.Collect$$libshutdown$$0000000F)
    .ARM.Collect$$rtentry$$00000000          0x000000c8   Section        0  rtentry.o(.ARM.Collect$$rtentry$$00000000)
    .ARM.Collect$$rtentry$$00000002          0x000000c8   Section        0  rtentry2.o(.ARM.Collect$$rtentry$$00000002)
    .ARM.Collect$$rtentry$$00000004          0x000000c8   Section        8  rtentry4.o(.ARM.Collect$$rtentry$$00000004)
    .ARM.Collect$$rtentry$$00000009          0x000000d0   Section        0  rtentry2.o(.ARM.Collect$$rtentry$$00000009)
    .ARM.Collect$$rtentry$$0000000A          0x000000d0   Section        4  rtentry2.o(.ARM.Collect$$rtentry$$0000000A)
    .ARM.Collect$$rtentry$$0000000C          0x000000d4   Section        0  rtentry2.o(.ARM.Collect$$rtentry$$0000000C)
    .ARM.Collect$$rtentry$$0000000D          0x000000d4   Section       40  rtentry2.o(.ARM.Collect$$rtentry$$0000000D)
    .ARM.Collect$$rtexit$$00000000           0x00000100   Section        4  rtexit.o(.ARM.Collect$$rtexit$$00000000)
    .ARM.Collect$$rtexit$$00000002           0x00000104   Section        0  rtexit2.o(.ARM.Collect$$rtexit$$00000002)
    .ARM.Collect$$rtexit$$00000003           0x00000104   Section        4  rtexit2.o(.ARM.Collect$$rtexit$$00000003)
    .ARM.Collect$$rtexit$$00000004           0x00000108   Section        8  rtexit2.o(.ARM.Collect$$rtexit$$00000004)
    .text                                    0x00000110   Section       32  startup.o(.text)
    .text                                    0x00000130   Section        0  uart0driver.o(.text)
    .text                                    0x00000250   Section        0  uart1driver.o(.text)
    .text                                    0x00000370   Section        0  tictactoewin.o(.text)
    .text                                    0x0000083c   Section        0  tictactoetie.o(.text)
    .text                                    0x000008c8   Section        0  tictactoerecord.o(.text)
    .text                                    0x00000ad8   Section        0  tictactoemain .o(.text)
    .text                                    0x00000d38   Section        0  exit.o(.text)
    .text                                    0x00000d44   Section      100  rt_memcpy_w.o(.text)
    .text                                    0x00000da8   Section      384  aeabi_sdiv.o(.text)
    __arm_div8                               0x00000dd4   ARM Code       0  aeabi_sdiv.o(.text)
    __arm_div5                               0x00000df8   ARM Code       0  aeabi_sdiv.o(.text)
    __arm_div2                               0x00000e1c   ARM Code       0  aeabi_sdiv.o(.text)
    __arm_div_large                          0x00000e58   ARM Code       0  aeabi_sdiv.o(.text)
    .text                                    0x00000f28   Section        0  heapauxi.o(.text)
    .text                                    0x00000f38   Section        0  sys_exit.o(.text)
    .text                                    0x00000f44   Section       96  sys_stackheap_outer.o(.text)
    .text                                    0x00000fa4   Section       12  libspace.o(.text)
    .text                                    0x00000fb0   Section        4  use_no_semi.o(.text)
    .text                                    0x00000fb4   Section        0  indicate_semi.o(.text)
    .text                                    0x00000fb4   Section       12  rt_fp_status_addr_intlibspace.o(.text)
    .text_udiv                               0x00000fc0   Section       36  aeabi_sdiv.o(.text_udiv)
    x$fpl$fpinit                             0x00000fe8   Section       24  fpinit.o(x$fpl$fpinit)
    .constdata                               0x00001000   Section       20  uart0driver.o(.constdata)
    .constdata                               0x00001014   Section       20  uart1driver.o(.constdata)
    .data                                    0x40000000   Section       16  tictactoemain .o(.data)
    .bss                                     0x40000010   Section       36  tictactoemain .o(.bss)
    .bss                                     0x40000034   Section       96  libspace.o(.bss)
    HEAP                                     0x40000098   Section        0  startup.o(HEAP)
    STACK                                    0x40000098   Section     1160  startup.o(STACK)
    Heap_Mem                                 0x40000098   Data           0  startup.o(HEAP)
    Stack_Mem                                0x40000098   Data        1024  startup.o(STACK)
    Stack_Top                                0x40000520   Data           0  startup.o(STACK)

    Global Symbols

    Symbol Name                              Value     Ov Type        Size  Object(Section)

    BuildAttributes$$THM_ISAv1$ARM_ISAv4$S$PE$A:L22$X:L11$S22$IEEE1$IW$USESV6$~STKCKD$USESV7$~SHL$OSPACE$ROPI$EBA8$UX$STANDARDLIB$REQ8$PRES8$EABIv2 0x00000000   Number         0  anon$$obj.o ABSOLUTE
    __ARM_use_no_argv                        0x00000000   Number         0  tictactoemain .o ABSOLUTE
    __main                                   0x00000000   ARM Code       8  __main.o(!!!main)
    __ARM_exceptions_init                     - Undefined Weak Reference
    __alloca_initialize                       - Undefined Weak Reference
    __cpp_initialize__aeabi_                  - Undefined Weak Reference
    __cxa_finalize                            - Undefined Weak Reference
    __rt_locale                               - Undefined Weak Reference
    __sigvec_lookup                           - Undefined Weak Reference
    _atexit_init                              - Undefined Weak Reference
    _call_atexit_fns                          - Undefined Weak Reference
    _clock_init                               - Undefined Weak Reference
    _fp_trap_init                             - Undefined Weak Reference
    _fp_trap_shutdown                         - Undefined Weak Reference
    _get_lc_collate                           - Undefined Weak Reference
    _get_lc_ctype                             - Undefined Weak Reference
    _get_lc_monetary                          - Undefined Weak Reference
    _get_lc_numeric                           - Undefined Weak Reference
    _get_lc_time                              - Undefined Weak Reference
    _getenv_init                              - Undefined Weak Reference
    _handle_redirection                       - Undefined Weak Reference
    _init_alloc                               - Undefined Weak Reference
    _init_user_alloc                          - Undefined Weak Reference
    _initio                                   - Undefined Weak Reference
    _rand_init                                - Undefined Weak Reference
    _signal_finish                            - Undefined Weak Reference
    _signal_init                              - Undefined Weak Reference
    _terminate_alloc                          - Undefined Weak Reference
    _terminate_user_alloc                     - Undefined Weak Reference
    _terminateio                              - Undefined Weak Reference
    __scatterload                            0x00000008   ARM Code       0  __scatter.o(!!!scatter)
    __scatterload_rt2                        0x00000008   ARM Code      52  __scatter.o(!!!scatter)
    __scatterload_null                       0x0000001c   ARM Code       0  __scatter.o(!!!scatter)
    __scatterload_copy                       0x00000044   ARM Code      40  __scatter_copy.o(!!handler_copy)
    __scatterload_zeroinit                   0x0000006c   ARM Code      44  __scatter_zi.o(!!handler_zi)
    Inline ARM to Thumb Veneer to __rt_lib_init 0x00000098   ARM Code       8  libinit.o(.ARM.Collect$$libinit$$00000000)
    __rt_lib_init                            0x000000a1   Thumb Code     0  libinit.o(.ARM.Collect$$libinit$$00000000)
    __rt_lib_init_alloca_1                   0x000000a7   Thumb Code     0  libinit2.o(.ARM.Collect$$libinit$$0000002A)
    __rt_lib_init_argv_1                     0x000000a7   Thumb Code     0  libinit2.o(.ARM.Collect$$libinit$$00000028)
    __rt_lib_init_atexit_1                   0x000000a7   Thumb Code     0  libinit2.o(.ARM.Collect$$libinit$$00000017)
    __rt_lib_init_clock_1                    0x000000a7   Thumb Code     0  libinit2.o(.ARM.Collect$$libinit$$0000001D)
    __rt_lib_init_cpp_1                      0x000000a7   Thumb Code     0  libinit2.o(.ARM.Collect$$libinit$$0000002E)
    __rt_lib_init_exceptions_1               0x000000a7   Thumb Code     0  libinit2.o(.ARM.Collect$$libinit$$0000002C)
    __rt_lib_init_fp_trap_1                  0x000000a7   Thumb Code     0  libinit2.o(.ARM.Collect$$libinit$$0000001B)
    __rt_lib_init_getenv_1                   0x000000a7   Thumb Code     0  libinit2.o(.ARM.Collect$$libinit$$0000001F)
    __rt_lib_init_heap_1                     0x000000a7   Thumb Code     0  libinit2.o(.ARM.Collect$$libinit$$00000006)
    __rt_lib_init_lc_collate_1               0x000000a7   Thumb Code     0  libinit2.o(.ARM.Collect$$libinit$$0000000D)
    __rt_lib_init_lc_ctype_1                 0x000000a7   Thumb Code     0  libinit2.o(.ARM.Collect$$libinit$$0000000F)
    __rt_lib_init_lc_monetary_1              0x000000a7   Thumb Code     0  libinit2.o(.ARM.Collect$$libinit$$00000011)
    __rt_lib_init_lc_numeric_1               0x000000a7   Thumb Code     0  libinit2.o(.ARM.Collect$$libinit$$00000013)
    __rt_lib_init_lc_time_1                  0x000000a7   Thumb Code     0  libinit2.o(.ARM.Collect$$libinit$$00000015)
    __rt_lib_init_rand_1                     0x000000a7   Thumb Code     0  libinit2.o(.ARM.Collect$$libinit$$0000000A)
    __rt_lib_init_return                     0x000000a7   Thumb Code     0  libinit2.o(.ARM.Collect$$libinit$$0000002F)
    __rt_lib_init_signal_1                   0x000000a7   Thumb Code     0  libinit2.o(.ARM.Collect$$libinit$$00000019)
    __rt_lib_init_stdio_1                    0x000000a7   Thumb Code     0  libinit2.o(.ARM.Collect$$libinit$$00000021)
    __rt_lib_init_user_alloc_1               0x000000a7   Thumb Code     0  libinit2.o(.ARM.Collect$$libinit$$00000008)
    Inline ARM to Thumb Veneer to __rt_lib_shutdown 0x000000b4   ARM Code       8  libshutdown.o(.ARM.Collect$$libshutdown$$00000000)
    __rt_lib_shutdown                        0x000000bd   Thumb Code     0  libshutdown.o(.ARM.Collect$$libshutdown$$00000000)
    __rt_lib_shutdown_fp_trap_1              0x000000c1   Thumb Code     0  libshutdown2.o(.ARM.Collect$$libshutdown$$00000006)
    __rt_lib_shutdown_heap_1                 0x000000c1   Thumb Code     0  libshutdown2.o(.ARM.Collect$$libshutdown$$0000000E)
    __rt_lib_shutdown_return                 0x000000c1   Thumb Code     0  libshutdown2.o(.ARM.Collect$$libshutdown$$0000000F)
    __rt_lib_shutdown_signal_1               0x000000c1   Thumb Code     0  libshutdown2.o(.ARM.Collect$$libshutdown$$00000009)
    __rt_lib_shutdown_stdio_1                0x000000c1   Thumb Code     0  libshutdown2.o(.ARM.Collect$$libshutdown$$00000003)
    __rt_lib_shutdown_user_alloc_1           0x000000c1   Thumb Code     0  libshutdown2.o(.ARM.Collect$$libshutdown$$0000000B)
    __rt_entry                               0x000000c8   ARM Code       0  rtentry.o(.ARM.Collect$$rtentry$$00000000)
    __rt_entry_presh_1                       0x000000c8   ARM Code       0  rtentry2.o(.ARM.Collect$$rtentry$$00000002)
    __rt_entry_sh                            0x000000c8   ARM Code       0  rtentry4.o(.ARM.Collect$$rtentry$$00000004)
    __rt_entry_li                            0x000000d0   ARM Code       0  rtentry2.o(.ARM.Collect$$rtentry$$0000000A)
    __rt_entry_postsh_1                      0x000000d0   ARM Code       0  rtentry2.o(.ARM.Collect$$rtentry$$00000009)
    __rt_entry_main                          0x000000d4   ARM Code       0  rtentry2.o(.ARM.Collect$$rtentry$$0000000D)
    __rt_entry_postli_1                      0x000000d4   ARM Code       0  rtentry2.o(.ARM.Collect$$rtentry$$0000000C)
    Inline Thumb to ARM Veneer to __rt_exit  0x000000fd   Thumb Code     4  rtexit.o(.ARM.Collect$$rtexit$$00000000)
    __rt_exit                                0x00000100   ARM Code       0  rtexit.o(.ARM.Collect$$rtexit$$00000000)
    __rt_exit_ls                             0x00000104   ARM Code       0  rtexit2.o(.ARM.Collect$$rtexit$$00000003)
    __rt_exit_prels_1                        0x00000104   ARM Code       0  rtexit2.o(.ARM.Collect$$rtexit$$00000002)
    __rt_exit_exit                           0x00000108   ARM Code       0  rtexit2.o(.ARM.Collect$$rtexit$$00000004)
    __user_initial_stackheap                 0x00000110   ARM Code       0  startup.o(.text)
    uart0init                                0x00000130   ARM Code     140  uart0driver.o(.text)
    uart0Tx                                  0x000001bc   ARM Code      36  uart0driver.o(.text)
    uart0Rx                                  0x000001e0   ARM Code      32  uart0driver.o(.text)
    uart0TxString                            0x00000200   ARM Code      60  uart0driver.o(.text)
    uart1init                                0x00000250   ARM Code     140  uart1driver.o(.text)
    uart1Tx                                  0x000002dc   ARM Code      36  uart1driver.o(.text)
    uart1Rx                                  0x00000300   ARM Code      32  uart1driver.o(.text)
    uart1TxString                            0x00000320   ARM Code      60  uart1driver.o(.text)
    winning                                  0x00000370   ARM Code    1228  tictactoewin.o(.text)
    tie                                      0x0000083c   ARM Code     116  tictactoetie.o(.text)
    record                                   0x000008c8   ARM Code     444  tictactoerecord.o(.text)
    main                                     0x00000ad8   ARM Code     600  tictactoemain .o(.text)
    Inline ARM to Thumb Veneer to exit       0x00000d30   ARM Code       8  exit.o(.text)
    exit                                     0x00000d39   Thumb Code    12  exit.o(.text)
    __aeabi_memcpy4                          0x00000d44   ARM Code       0  rt_memcpy_w.o(.text)
    __aeabi_memcpy8                          0x00000d44   ARM Code       0  rt_memcpy_w.o(.text)
    __rt_memcpy_w                            0x00000d44   ARM Code     100  rt_memcpy_w.o(.text)
    _memcpy_lastbytes_aligned                0x00000d90   ARM Code       0  rt_memcpy_w.o(.text)
    __aeabi_idiv                             0x00000da8   ARM Code       0  aeabi_sdiv.o(.text)
    __aeabi_idivmod                          0x00000da8   ARM Code     384  aeabi_sdiv.o(.text)
    __use_two_region_memory                  0x00000f29   Thumb Code     2  heapauxi.o(.text)
    __rt_heap_escrow$2region                 0x00000f2b   Thumb Code     2  heapauxi.o(.text)
    __rt_heap_expand$2region                 0x00000f2d   Thumb Code     2  heapauxi.o(.text)
    Inline ARM to Thumb Veneer to _sys_exit  0x00000f30   ARM Code       8  sys_exit.o(.text)
    _sys_exit                                0x00000f39   Thumb Code     8  sys_exit.o(.text)
    __user_setup_stackheap                   0x00000f44   ARM Code      96  sys_stackheap_outer.o(.text)
    __user_libspace                          0x00000fa4   ARM Code      12  libspace.o(.text)
    __user_perproc_libspace                  0x00000fa4   ARM Code       0  libspace.o(.text)
    __user_perthread_libspace                0x00000fa4   ARM Code       0  libspace.o(.text)
    __I$use$semihosting                      0x00000fb0   ARM Code       0  use_no_semi.o(.text)
    __use_no_semihosting_swi                 0x00000fb0   ARM Code       4  use_no_semi.o(.text)
    __rt_fp_status_addr                      0x00000fb4   ARM Code      12  rt_fp_status_addr_intlibspace.o(.text)
    __semihosting_library_function           0x00000fb4   ARM Code       0  indicate_semi.o(.text)
    __aeabi_uidiv                            0x00000fc0   ARM Code       0  aeabi_sdiv.o(.text_udiv)
    __aeabi_uidivmod                         0x00000fc0   ARM Code      36  aeabi_sdiv.o(.text_udiv)
    Inline Thumb to ARM Veneer to _fp_init   0x00000fe5   Thumb Code     4  fpinit.o(x$fpl$fpinit)
    _fp_init                                 0x00000fe8   ARM Code      24  fpinit.o(x$fpl$fpinit)
    __fplib_config_pureend_doubles           0x00000ff8   ARM Code       0  fpinit.o(x$fpl$fpinit)
    Region$$Table$$Base                      0x00001028   Number         0  anon$$obj.o(Region$$Table)
    Region$$Table$$Limit                     0x00001048   Number         0  anon$$obj.o(Region$$Table)
    player                                   0x40000000   Data           4  tictactoemain .o(.data)
    i                                        0x40000004   Data           4  tictactoemain .o(.data)
    j                                        0x40000008   Data           4  tictactoemain .o(.data)
    c                                        0x4000000c   Data           4  tictactoemain .o(.data)
    arr                                      0x40000010   Data          36  tictactoemain .o(.bss)
    __libspace_start                         0x40000034   Data          96  libspace.o(.bss)
    __temporary_stack_top$libspace           0x40000094   Data           0  libspace.o(.bss)



==============================================================================

Memory Map of the image

  Image Entry point : 0x00000000

  Load Region LR_1 (Base: 0x00000000, Size: 0x00001058, Max: 0xffffffff, ABSOLUTE)

    Execution Region ER_RO (Base: 0x00000000, Size: 0x00001048, Max: 0xffffffff, ABSOLUTE)

    Base Addr    Size         Type   Attr      Idx    E Section Name        Object

    0x00000000   0x00000008   Code   RO          130  * !!!main             c_t.l(__main.o)
    0x00000008   0x0000003c   Code   RO          297    !!!scatter          c_t.l(__scatter.o)
    0x00000044   0x00000028   Code   RO          299    !!handler_copy      c_t.l(__scatter_copy.o)
    0x0000006c   0x0000002c   Code   RO          301    !!handler_zi        c_t.l(__scatter_zi.o)
    0x00000098   0x00000008   Ven    RO          178    .ARM.Collect$$libinit$$00000000  c_t.l(libinit.o)
    0x000000a0   0x00000006   Code   RO          178    .ARM.Collect$$libinit$$00000000  c_t.l(libinit.o)
    0x000000a6   0x00000000   Code   RO          194    .ARM.Collect$$libinit$$00000006  c_t.l(libinit2.o)
    0x000000a6   0x00000000   Code   RO          196    .ARM.Collect$$libinit$$00000008  c_t.l(libinit2.o)
    0x000000a6   0x00000000   Code   RO          198    .ARM.Collect$$libinit$$0000000A  c_t.l(libinit2.o)
    0x000000a6   0x00000000   Code   RO          201    .ARM.Collect$$libinit$$0000000D  c_t.l(libinit2.o)
    0x000000a6   0x00000000   Code   RO          203    .ARM.Collect$$libinit$$0000000F  c_t.l(libinit2.o)
    0x000000a6   0x00000000   Code   RO          205    .ARM.Collect$$libinit$$00000011  c_t.l(libinit2.o)
    0x000000a6   0x00000000   Code   RO          207    .ARM.Collect$$libinit$$00000013  c_t.l(libinit2.o)
    0x000000a6   0x00000000   Code   RO          209    .ARM.Collect$$libinit$$00000015  c_t.l(libinit2.o)
    0x000000a6   0x00000000   Code   RO          211    .ARM.Collect$$libinit$$00000017  c_t.l(libinit2.o)
    0x000000a6   0x00000000   Code   RO          213    .ARM.Collect$$libinit$$00000019  c_t.l(libinit2.o)
    0x000000a6   0x00000000   Code   RO          215    .ARM.Collect$$libinit$$0000001B  c_t.l(libinit2.o)
    0x000000a6   0x00000000   Code   RO          217    .ARM.Collect$$libinit$$0000001D  c_t.l(libinit2.o)
    0x000000a6   0x00000000   Code   RO          219    .ARM.Collect$$libinit$$0000001F  c_t.l(libinit2.o)
    0x000000a6   0x00000000   Code   RO          221    .ARM.Collect$$libinit$$00000021  c_t.l(libinit2.o)
    0x000000a6   0x00000000   Code   RO          225    .ARM.Collect$$libinit$$00000028  c_t.l(libinit2.o)
    0x000000a6   0x00000000   Code   RO          227    .ARM.Collect$$libinit$$0000002A  c_t.l(libinit2.o)
    0x000000a6   0x00000000   Code   RO          229    .ARM.Collect$$libinit$$0000002C  c_t.l(libinit2.o)
    0x000000a6   0x00000000   Code   RO          231    .ARM.Collect$$libinit$$0000002E  c_t.l(libinit2.o)
    0x000000a6   0x0000000c   Code   RO          232    .ARM.Collect$$libinit$$0000002F  c_t.l(libinit2.o)
    0x000000b2   0x00000002   PAD
    0x000000b4   0x00000008   Ven    RO          179    .ARM.Collect$$libshutdown$$00000000  c_t.l(libshutdown.o)
    0x000000bc   0x00000004   Code   RO          179    .ARM.Collect$$libshutdown$$00000000  c_t.l(libshutdown.o)
    0x000000c0   0x00000000   Code   RO          235    .ARM.Collect$$libshutdown$$00000003  c_t.l(libshutdown2.o)
    0x000000c0   0x00000000   Code   RO          238    .ARM.Collect$$libshutdown$$00000006  c_t.l(libshutdown2.o)
    0x000000c0   0x00000000   Code   RO          241    .ARM.Collect$$libshutdown$$00000009  c_t.l(libshutdown2.o)
    0x000000c0   0x00000000   Code   RO          243    .ARM.Collect$$libshutdown$$0000000B  c_t.l(libshutdown2.o)
    0x000000c0   0x00000000   Code   RO          246    .ARM.Collect$$libshutdown$$0000000E  c_t.l(libshutdown2.o)
    0x000000c0   0x00000006   Code   RO          247    .ARM.Collect$$libshutdown$$0000000F  c_t.l(libshutdown2.o)
    0x000000c6   0x00000002   PAD
    0x000000c8   0x00000000   Code   RO          132    .ARM.Collect$$rtentry$$00000000  c_t.l(rtentry.o)
    0x000000c8   0x00000000   Code   RO          140    .ARM.Collect$$rtentry$$00000002  c_t.l(rtentry2.o)
    0x000000c8   0x00000008   Code   RO          152    .ARM.Collect$$rtentry$$00000004  c_t.l(rtentry4.o)
    0x000000d0   0x00000000   Code   RO          142    .ARM.Collect$$rtentry$$00000009  c_t.l(rtentry2.o)
    0x000000d0   0x00000004   Code   RO          143    .ARM.Collect$$rtentry$$0000000A  c_t.l(rtentry2.o)
    0x000000d4   0x00000000   Code   RO          145    .ARM.Collect$$rtentry$$0000000C  c_t.l(rtentry2.o)
    0x000000d4   0x00000028   Code   RO          146    .ARM.Collect$$rtentry$$0000000D  c_t.l(rtentry2.o)
    0x000000fc   0x00000004   Ven    RO          133    .ARM.Collect$$rtexit$$00000000  c_t.l(rtexit.o)
    0x00000100   0x00000004   Code   RO          133    .ARM.Collect$$rtexit$$00000000  c_t.l(rtexit.o)
    0x00000104   0x00000000   Code   RO          155    .ARM.Collect$$rtexit$$00000002  c_t.l(rtexit2.o)
    0x00000104   0x00000004   Code   RO          156    .ARM.Collect$$rtexit$$00000003  c_t.l(rtexit2.o)
    0x00000108   0x00000008   Code   RO          157    .ARM.Collect$$rtexit$$00000004  c_t.l(rtexit2.o)
    0x00000110   0x00000020   Code   RO            4    .text               startup.o
    0x00000130   0x00000120   Code   RO           11    .text               uart0driver.o
    0x00000250   0x00000120   Code   RO           28    .text               uart1driver.o
    0x00000370   0x000004cc   Code   RO           41    .text               tictactoewin.o
    0x0000083c   0x0000008c   Code   RO           64    .text               tictactoetie.o
    0x000008c8   0x00000210   Code   RO           77    .text               tictactoerecord.o
    0x00000ad8   0x00000258   Code   RO           90    .text               tictactoemain .o
    0x00000d30   0x00000008   Ven    RO          108    .text               c_t.l(exit.o)
    0x00000d38   0x0000000c   Code   RO          108    .text               c_t.l(exit.o)
    0x00000d44   0x00000064   Code   RO          110    .text               c_t.l(rt_memcpy_w.o)
    0x00000da8   0x00000180   Code   RO          112    .text               c_t.l(aeabi_sdiv.o)
    0x00000f28   0x00000006   Code   RO          128    .text               c_t.l(heapauxi.o)
    0x00000f2e   0x00000002   PAD
    0x00000f30   0x00000008   Ven    RO          163    .text               c_t.l(sys_exit.o)
    0x00000f38   0x0000000c   Code   RO          163    .text               c_t.l(sys_exit.o)
    0x00000f44   0x00000060   Code   RO          165    .text               c_t.l(sys_stackheap_outer.o)
    0x00000fa4   0x0000000c   Code   RO          180    .text               c_t.l(libspace.o)
    0x00000fb0   0x00000004   Code   RO          183    .text               c_t.l(use_no_semi.o)
    0x00000fb4   0x00000000   Code   RO          185    .text               c_t.l(indicate_semi.o)
    0x00000fb4   0x0000000c   Code   RO          253    .text               c_t.l(rt_fp_status_addr_intlibspace.o)
    0x00000fc0   0x00000024   Code   RO          113    .text_udiv          c_t.l(aeabi_sdiv.o)
    0x00000fe4   0x00000004   Ven    RO          248    x$fpl$fpinit        fz_ts.l(fpinit.o)
    0x00000fe8   0x00000018   Code   RO          248    x$fpl$fpinit        fz_ts.l(fpinit.o)
    0x00001000   0x00000014   Data   RO           12    .constdata          uart0driver.o
    0x00001014   0x00000014   Data   RO           29    .constdata          uart1driver.o
    0x00001028   0x00000020   Data   RO          295    Region$$Table       anon$$obj.o


    Execution Region ER_RW (Base: 0x40000000, Size: 0x00000010, Max: 0xffffffff, ABSOLUTE)

    Base Addr    Size         Type   Attr      Idx    E Section Name        Object

    0x40000000   0x00000010   Data   RW           92    .data               tictactoemain .o


    Execution Region ER_ZI (Base: 0x40000010, Size: 0x00000510, Max: 0xffffffff, ABSOLUTE)

    Base Addr    Size         Type   Attr      Idx    E Section Name        Object

    0x40000010   0x00000024   Zero   RW           91    .bss                tictactoemain .o
    0x40000034   0x00000060   Zero   RW          181    .bss                c_t.l(libspace.o)
    0x40000094   0x00000004   PAD
    0x40000098   0x00000000   Zero   RW            2    HEAP                startup.o
    0x40000098   0x00000488   Zero   RW            1    STACK               startup.o


==============================================================================

Image component sizes


      Code (inc. data)   RO Data    RW Data    ZI Data      Debug   Object Name

        32         12          0          0       1160        200   startup.o
       600         84          0         16         36       1026   tictactoemain .o
       528         84          0          0          0        569   tictactoerecord.o
       140         24          0          0          0        538   tictactoetie.o
      1228         68          0          0          0        930   tictactoewin.o
       288         20         20          0          0       2518   uart0driver.o
       288         20         20          0          0       1074   uart1driver.o

    ----------------------------------------------------------------------
      3104        312         72         16       1196       6855   Object Totals
         0          0         32          0          0          0   (incl. Generated)
         0          0          0          0          0          0   (incl. Padding)

    ----------------------------------------------------------------------

      Code (inc. data)   RO Data    RW Data    ZI Data      Debug   Library Member Name

         8          0          0          0          0         68   __main.o
        60          8          0          0          0          0   __scatter.o
        40          0          0          0          0          0   __scatter_copy.o
        44          0          0          0          0          0   __scatter_zi.o
       420          0          0          0          0        148   aeabi_sdiv.o
        20          0          0          0          0         64   exit.o
         6          0          0          0          0        136   heapauxi.o
         0          0          0          0          0          0   indicate_semi.o
        14          0          0          0          0          0   libinit.o
        12          0          0          0          0          0   libinit2.o
        12          0          0          0          0          0   libshutdown.o
         6          0          0          0          0          0   libshutdown2.o
        12          4          0          0         96         68   libspace.o
        12          4          0          0          0         68   rt_fp_status_addr_intlibspace.o
       100          0          0          0          0         80   rt_memcpy_w.o
         0          0          0          0          0          0   rtentry.o
        44          4          0          0          0          0   rtentry2.o
         8          0          0          0          0          0   rtentry4.o
         8          0          0          0          0          0   rtexit.o
        12          0          0          0          0          0   rtexit2.o
        20          4          0          0          0         60   sys_exit.o
        96          0          0          0          0         80   sys_stackheap_outer.o
         4          0          0          0          0         68   use_no_semi.o
        28          0          0          0          0         80   fpinit.o

    ----------------------------------------------------------------------
       992         24          0          0        100        920   Library Totals
         6          0          0          0          4          0   (incl. Padding)

    ----------------------------------------------------------------------

      Code (inc. data)   RO Data    RW Data    ZI Data      Debug   Library Name

       958         24          0          0         96        840   c_t.l
        28          0          0          0          0         80   fz_ts.l

    ----------------------------------------------------------------------
       992         24          0          0        100        920   Library Totals

    ----------------------------------------------------------------------

==============================================================================


      Code (inc. data)   RO Data    RW Data    ZI Data      Debug   

      4096        336         72         16       1296       6907   Grand Totals
      4096        336         72         16       1296       6907   ELF Image Totals
      4096        336         72         16          0          0   ROM Totals

==============================================================================

    Total RO  Size (Code + RO Data)                 4168 (   4.07kB)
    Total RW  Size (RW Data + ZI Data)              1312 (   1.28kB)
    Total ROM Size (Code + RO Data + RW Data)       4184 (   4.09kB)

==============================================================================

